// Jest Snapshot v1, https://goo.gl/fbAQLP

exports[`ColorsItem renders correctly: Red 1`] = `"<span>Red</span>"`;

exports[`ColorsItem renders correctly: Red, Green 1`] = `"<span>Red, Green</span>"`;

exports[`ColorsItem renders correctly: empty 1`] = `"<span></span>"`;
